// Jest Snapshot v1, https://goo.gl/fbAQLP

exports[`LoadingIndicator when isLoading is false should match the snapshot 1`] = `
<div>
  ahoy!
</div>
`;
